[www.fintonic.com/prestamos/index.html]
[backblue.gif]
[fade.gif]
[index.html]
[www.fintonic.com/prestamos/manifest.json]
[www.fintonic.com/prestamos/redhat.css]
[static.fintonic.com/favicon/apple-icon-57x57.png]
[static.fintonic.com/favicon/apple-icon-60x60.png]
[static.fintonic.com/favicon/apple-icon-72x72.png]
[static.fintonic.com/favicon/apple-icon-76x76.png]
[static.fintonic.com/favicon/apple-icon-114x114.png]
[static.fintonic.com/favicon/apple-icon-120x120.png]
[static.fintonic.com/favicon/apple-icon-144x144.png]
[static.fintonic.com/favicon/apple-icon-152x152.png]
[static.fintonic.com/favicon/apple-icon-180x180.png]
[static.fintonic.com/favicon/android-icon-192x192.png]
[static.fintonic.com/favicon/favicon-32x32.png]
[static.fintonic.com/favicon/favicon-96x96.png]
[static.fintonic.com/favicon/favicon-16x16.png]
[www.fintonic.com/prestamos/images/favicon/ms-icon-144x144.png]
[static.fintonic.com/favicon/fintonic_prestamos_online.png]
[www.fintonic.com/prestamos/_next/static/css/e77b3c64dab3bd54.css]
[www.fintonic.com/prestamos/_next/static/chunks/polyfills-c67a75d1b6f99dc8.js]
[www.fintonic.com/prestamos/_next/static/chunks/6593.5e867f4ad0fe0831.js]
[www.fintonic.com/prestamos/_next/static/chunks/webpack-cfdd3f9c1f33e9d5.js]
[www.fintonic.com/prestamos/_next/static/chunks/framework-79bce4a3a540b080.js]
[www.fintonic.com/prestamos/_next/static/chunks/main-409f1748fa12fe1a.js]
[www.fintonic.com/prestamos/_next/static/chunks/pages/_app-f60558ee8ae58a64.js]
[www.fintonic.com/prestamos/_next/static/chunks/6353-26cd61f0e84a3321.js]
[www.fintonic.com/prestamos/_next/static/chunks/1664-61de27b60d4a320c.js]
[www.fintonic.com/prestamos/_next/static/chunks/1247-b05878b1609f977a.js]
[www.fintonic.com/prestamos/_next/static/chunks/6247-481f9461421e00ac.js]
[www.fintonic.com/prestamos/_next/static/chunks/7041-f38f83f5fcfd618d.js]
[www.fintonic.com/prestamos/_next/static/chunks/9181-2f8b43ebe73e4ef1.js]
[www.fintonic.com/prestamos/_next/static/chunks/9555-e054e90cd64700c9.js]
[www.fintonic.com/prestamos/_next/static/chunks/3833-f49be70ecb950679.js]
[www.fintonic.com/prestamos/_next/static/chunks/7048-ade3a2fc480fbf9f.js]
[www.fintonic.com/prestamos/_next/static/chunks/4128-bcb5615378745219.js]
[www.fintonic.com/prestamos/_next/static/chunks/9047-30095129668777f4.js]
[www.fintonic.com/prestamos/_next/static/chunks/3458-3e01fe0fe1127b9e.js]
[www.fintonic.com/prestamos/_next/static/chunks/5813-10ed21d927438d17.js]
[www.fintonic.com/prestamos/_next/static/chunks/pages/index-1096c8697106c1b2.js]
[www.fintonic.com/prestamos/_next/static/TCrTntN81Cmk2OomfBGrS/_buildManifest.js]
[www.fintonic.com/prestamos/_next/static/TCrTntN81Cmk2OomfBGrS/_ssgManifest.js]
[www.fintonic.com/prestamos/_next/static/media/loading.f545d29f.png]
[www.fintonic.com/prestamos/_next/static/media/slider_handle.ce0086c0.svg]
[www.fintonic.com/prestamos/_next/static/media/imagotipo-fin.7ea3fe79.svg]
[www.fintonic.com/prestamos/_next/static/media/logo-fin.10619e5d.svg]
[www.fintonic.com/prestamos/_next/static/media/default2.350b02ec.png]
[www.fintonic.com/prestamos/_next/static/media/home-bg-mobile-yellow.efac5608.png]
[www.fintonic.com/prestamos/_next/static/media/moneybag.72e46190.svg]
[www.fintonic.com/prestamos/_next/static/media/line-blue.c8d33367.svg]
[www.fintonic.com/prestamos/login.html]
[www.fintonic.com/prestamos/_next/static/media/bbva.da2db64d.png]
[www.fintonic.com/prestamos/_next/static/media/cetelem.3df71146.png]
[www.fintonic.com/prestamos/_next/static/media/younited.a67d6fac.png]
[www.fintonic.com/prestamos/_next/static/media/leabank.2e705a83.png]
[www.fintonic.com/prestamos/_next/static/media/_sofinco.6910073b.png]
[www.fintonic.com/prestamos/_next/static/media/tfbank.648d1af0.png]
[www.fintonic.com/prestamos/_next/static/media/account.653d41e0.svg]
[www.fintonic.com/prestamos/_next/static/media/deposits.02e6c460.svg]
[www.fintonic.com/prestamos/_next/static/media/investments.a5ea2546.svg]
[www.fintonic.com/prestamos/_next/static/media/insurances.da958d9c.svg]
[www.fintonic.com/prestamos/_next/static/media/fincoach.bdf314f8.svg]
[www.fintonic.com/prestamos/_next/static/media/hipoteca.a4d7367a.svg]
[consent.cookiebot.com/uc.js]
[www.fintonic.com/prestamos/index.html]
[www.fintonic.com/prestamos/redhat.css]
[www.fintonic.com/prestamos/_next/static/media/text-security-circle-compat.e31f5cdc.eot]
[www.fintonic.com/prestamos/_next/static/media/text-security-circle-compat.e31f5cdcd41d.eot]
[www.fintonic.com/prestamos/_next/static/media/text-security-circle-compat.8d2deee5.woff2]
[www.fintonic.com/prestamos/_next/static/media/text-security-circle-compat.7b6bf245.ttf]
[www.fintonic.com/prestamos/_next/static/media/text-security-circle.3c87161c.woff2]
[www.fintonic.com/prestamos/_next/static/media/text-security-disc-compat.0ac233e6.eot]
[www.fintonic.com/prestamos/_next/static/media/text-security-disc-compat.0ac233e6d41d.eot]
[www.fintonic.com/prestamos/_next/static/media/text-security-disc-compat.732aa2c0.woff2]
[www.fintonic.com/prestamos/_next/static/media/text-security-disc-compat.cd6bdcac.ttf]
[www.fintonic.com/prestamos/_next/static/media/text-security-disc.a4db7db4.woff2]
[www.fintonic.com/prestamos/_next/static/media/text-security-square-compat.ba4725fa.eot]
[www.fintonic.com/prestamos/_next/static/media/text-security-square-compat.ba4725fad41d.eot]
[www.fintonic.com/prestamos/_next/static/media/text-security-square-compat.23f88e1b.woff2]
[www.fintonic.com/prestamos/_next/static/media/text-security-square-compat.197ae93f.ttf]
[www.fintonic.com/prestamos/_next/static/media/text-security-square.29e0756a.woff2]
[www.fintonic.com/prestamos/_next/static/css/e77b3c64dab3bd54.css]
[www.fintonic.com/prestamos/_next/static/media/slider_handle.ce0086c0.svg]
[www.fintonic.com/prestamos/_next/static/media/imagotipo-fin.7ea3fe79.svg]
[www.fintonic.com/prestamos/_next/static/media/logo-fin.10619e5d.svg]
[www.fintonic.com/prestamos/_next/static/media/moneybag.72e46190.svg]
[www.fintonic.com/prestamos/_next/static/media/line-blue.c8d33367.svg]
[www.fintonic.com/prestamos/_next/static/chunks/582-46ee7d8a1dc38894.js]
[www.fintonic.com/prestamos/_next/static/chunks/pages/login-e114435e7eac559b.js]
[www.fintonic.com/prestamos/_next/static/media/bg-login.d4871758.png]
[www.fintonic.com/prestamos/_next/static/media/logo-white.d929b21f.svg]
[www.fintonic.com/prestamos/_next/static/media/logo-fintonic-prestamos.33b7d565.svg]
[www.fintonic.com/prestamos/_next/static/media/SlightlySmilingFace.65739792.svg]
[www.fintonic.com/prestamos/_next/static/media/info.d15e4369.svg]
[www.fintonic.com/prestamos/login.html]
[www.fintonic.com/prestamos/_next/static/media/account.653d41e0.svg]
[www.fintonic.com/prestamos/_next/static/media/deposits.02e6c460.svg]
[www.fintonic.com/prestamos/_next/static/media/investments.a5ea2546.svg]
[www.fintonic.com/prestamos/_next/static/media/insurances.da958d9c.svg]
[www.fintonic.com/prestamos/_next/static/media/fincoach.bdf314f8.svg]
[www.fintonic.com/prestamos/_next/static/media/hipoteca.a4d7367a.svg]
[www.fintonic.com/prestamos/_next/static/media/logo-white.d929b21f.svg]
[www.fintonic.com/prestamos/_next/static/media/logo-fintonic-prestamos.33b7d565.svg]
[www.fintonic.com/prestamos/_next/static/media/SlightlySmilingFace.65739792.svg]
[www.fintonic.com/prestamos/_next/static/media/info.d15e4369.svg]
[www.fintonic.com/prestamos/recuperar-acceso/email.html]
[www.fintonic.com/prestamos/_next/static/chunks/pages/recuperar-acceso/email-89ffd6bccd5df5bf.js]
[www.fintonic.com/prestamos/_next/static/media/comodo.b6c7701f.png]
[www.fintonic.com/prestamos/_next/static/media/mcafee.ee4e17ed.png]
[www.fintonic.com/prestamos/_next/static/media/ecommerce.97300ab4.png]
[www.fintonic.com/prestamos/recuperar-acceso/email.html]
